// Jest Snapshot v1, https://goo.gl/fbAQLP

exports[`<App/> Matches the snapshot 1`] = `
Object {
  "asFragment": [Function],
  "baseElement": <body>
    <div>
      <div
        class="ui container appContainer"
      >
        <img
          class="ui image logo"
          src="logo.png"
        />
        <div
          class="ui container searchContainer"
        >
          <div
            class="ui large focus input searchBar"
          >
            <input
              placeholder="Search for ..."
              type="text"
            />
          </div>
        </div>
        <h2
          class="ui header resultHeader"
        />
        <div
          class="ui container feedContainer"
        >
          <div
            class="ui divided list list"
            role="list"
          >
            <div
              aria-busy="true"
              class=""
            >
              <svg
                aria-label="audio-loading"
                height="100"
                viewBox="0 0 38 38"
                width="100"
                xmlns="http://www.w3.org/2000/svg"
              >
                <defs>
                  <lineargradient
                    id="a"
                    x1="8.042%"
                    x2="65.682%"
                    y1="0%"
                    y2="23.865%"
                  >
                    <stop
                      offset="0%"
                      stop-color="#0063dc"
                      stop-opacity="0"
                    />
                    <stop
                      offset="63.146%"
                      stop-color="#0063dc"
                      stop-opacity=".631"
                    />
                    <stop
                      offset="100%"
                      stop-color="#0063dc"
                    />
                  </lineargradient>
                </defs>
                <g
                  fill="none"
                  fill-rule="evenodd"
                >
                  <g
                    transform="translate(1 1)"
                  >
                    <path
                      d="M36 18c0-9.94-8.06-18-18-18"
                      id="Oval-2"
                      stroke="#0063dc"
                      stroke-width="2"
                    >
                      <animatetransform
                        attributeName="transform"
                        dur="0.9s"
                        from="0 18 18"
                        repeatCount="indefinite"
                        to="360 18 18"
                        type="rotate"
                      />
                    </path>
                    <circle
                      cx="36"
                      cy="18"
                      fill="#fff"
                      r="1"
                    >
                      <animatetransform
                        attributeName="transform"
                        dur="0.9s"
                        from="0 18 18"
                        repeatCount="indefinite"
                        to="360 18 18"
                        type="rotate"
                      />
                    </circle>
                  </g>
                </g>
              </svg>
            </div>
          </div>
        </div>
        <div
          class="ui container paginationContainer"
        >
          <div
            aria-label="Pagination Navigation"
            class="ui pagination pagination menu"
            role="navigation"
          >
            <a
              aria-current="false"
              aria-disabled="false"
              aria-label="First item"
              class="item"
              tabindex="0"
              type="firstItem"
              value="1"
            >
              «
            </a>
            <a
              aria-current="false"
              aria-disabled="false"
              aria-label="Previous item"
              class="item"
              tabindex="0"
              type="prevItem"
              value="1"
            >
              ⟨
            </a>
            <a
              aria-current="true"
              aria-disabled="false"
              class="active item"
              tabindex="0"
              type="pageItem"
              value="1"
            >
              1
            </a>
            <a
              aria-current="false"
              aria-disabled="false"
              class="item"
              tabindex="0"
              type="pageItem"
              value="2"
            >
              2
            </a>
            <a
              aria-current="false"
              aria-disabled="false"
              aria-label="Next item"
              class="item"
              tabindex="0"
              type="nextItem"
              value="2"
            >
              ⟩
            </a>
            <a
              aria-current="false"
              aria-disabled="false"
              aria-label="Last item"
              class="item"
              tabindex="0"
              type="lastItem"
              value="2"
            >
              »
            </a>
          </div>
        </div>
      </div>
    </div>
  </body>,
  "container": <div>
    <div
      class="ui container appContainer"
    >
      <img
        class="ui image logo"
        src="logo.png"
      />
      <div
        class="ui container searchContainer"
      >
        <div
          class="ui large focus input searchBar"
        >
          <input
            placeholder="Search for ..."
            type="text"
          />
        </div>
      </div>
      <h2
        class="ui header resultHeader"
      />
      <div
        class="ui container feedContainer"
      >
        <div
          class="ui divided list list"
          role="list"
        >
          <div
            aria-busy="true"
            class=""
          >
            <svg
              aria-label="audio-loading"
              height="100"
              viewBox="0 0 38 38"
              width="100"
              xmlns="http://www.w3.org/2000/svg"
            >
              <defs>
                <lineargradient
                  id="a"
                  x1="8.042%"
                  x2="65.682%"
                  y1="0%"
                  y2="23.865%"
                >
                  <stop
                    offset="0%"
                    stop-color="#0063dc"
                    stop-opacity="0"
                  />
                  <stop
                    offset="63.146%"
                    stop-color="#0063dc"
                    stop-opacity=".631"
                  />
                  <stop
                    offset="100%"
                    stop-color="#0063dc"
                  />
                </lineargradient>
              </defs>
              <g
                fill="none"
                fill-rule="evenodd"
              >
                <g
                  transform="translate(1 1)"
                >
                  <path
                    d="M36 18c0-9.94-8.06-18-18-18"
                    id="Oval-2"
                    stroke="#0063dc"
                    stroke-width="2"
                  >
                    <animatetransform
                      attributeName="transform"
                      dur="0.9s"
                      from="0 18 18"
                      repeatCount="indefinite"
                      to="360 18 18"
                      type="rotate"
                    />
                  </path>
                  <circle
                    cx="36"
                    cy="18"
                    fill="#fff"
                    r="1"
                  >
                    <animatetransform
                      attributeName="transform"
                      dur="0.9s"
                      from="0 18 18"
                      repeatCount="indefinite"
                      to="360 18 18"
                      type="rotate"
                    />
                  </circle>
                </g>
              </g>
            </svg>
          </div>
        </div>
      </div>
      <div
        class="ui container paginationContainer"
      >
        <div
          aria-label="Pagination Navigation"
          class="ui pagination pagination menu"
          role="navigation"
        >
          <a
            aria-current="false"
            aria-disabled="false"
            aria-label="First item"
            class="item"
            tabindex="0"
            type="firstItem"
            value="1"
          >
            «
          </a>
          <a
            aria-current="false"
            aria-disabled="false"
            aria-label="Previous item"
            class="item"
            tabindex="0"
            type="prevItem"
            value="1"
          >
            ⟨
          </a>
          <a
            aria-current="true"
            aria-disabled="false"
            class="active item"
            tabindex="0"
            type="pageItem"
            value="1"
          >
            1
          </a>
          <a
            aria-current="false"
            aria-disabled="false"
            class="item"
            tabindex="0"
            type="pageItem"
            value="2"
          >
            2
          </a>
          <a
            aria-current="false"
            aria-disabled="false"
            aria-label="Next item"
            class="item"
            tabindex="0"
            type="nextItem"
            value="2"
          >
            ⟩
          </a>
          <a
            aria-current="false"
            aria-disabled="false"
            aria-label="Last item"
            class="item"
            tabindex="0"
            type="lastItem"
            value="2"
          >
            »
          </a>
        </div>
      </div>
    </div>
  </div>,
  "debug": [Function],
  "findAllByAltText": [Function],
  "findAllByDisplayValue": [Function],
  "findAllByLabelText": [Function],
  "findAllByPlaceholderText": [Function],
  "findAllByRole": [Function],
  "findAllByTestId": [Function],
  "findAllByText": [Function],
  "findAllByTitle": [Function],
  "findByAltText": [Function],
  "findByDisplayValue": [Function],
  "findByLabelText": [Function],
  "findByPlaceholderText": [Function],
  "findByRole": [Function],
  "findByTestId": [Function],
  "findByText": [Function],
  "findByTitle": [Function],
  "getAllByAltText": [Function],
  "getAllByDisplayValue": [Function],
  "getAllByLabelText": [Function],
  "getAllByPlaceholderText": [Function],
  "getAllByRole": [Function],
  "getAllByTestId": [Function],
  "getAllByText": [Function],
  "getAllByTitle": [Function],
  "getByAltText": [Function],
  "getByDisplayValue": [Function],
  "getByLabelText": [Function],
  "getByPlaceholderText": [Function],
  "getByRole": [Function],
  "getByTestId": [Function],
  "getByText": [Function],
  "getByTitle": [Function],
  "queryAllByAltText": [Function],
  "queryAllByDisplayValue": [Function],
  "queryAllByLabelText": [Function],
  "queryAllByPlaceholderText": [Function],
  "queryAllByRole": [Function],
  "queryAllByTestId": [Function],
  "queryAllByText": [Function],
  "queryAllByTitle": [Function],
  "queryByAltText": [Function],
  "queryByDisplayValue": [Function],
  "queryByLabelText": [Function],
  "queryByPlaceholderText": [Function],
  "queryByRole": [Function],
  "queryByTestId": [Function],
  "queryByText": [Function],
  "queryByTitle": [Function],
  "rerender": [Function],
  "unmount": [Function],
}
`;
