// Jest Snapshot v1, https://goo.gl/fbAQLP

exports[`<ResultList/> Matches the snapshot 1`] = `
<ResultList
  activePage={1}
  feeds={
    Array [
      Object {
        "author": "nobody@flickr.com (\\"wholesalealisa\\")",
        "author_id": "186442569@N08",
        "date_taken": "2020-02-17T00:08:53-08:00",
        "description": " <p><a href=\\"https://www.flickr.com/people/186442569@N08/\\">wholesalealisa</a> posted a photo:</p> <p><a href=\\"https://www.flickr.com/photos/186442569@N08/49546287068/\\" title=\\"GODAVARI BY KERSOM 101 To 108 Series Kurtis Wholesale 8 Pcs\\"><img src=\\"https://live.staticflickr.com/65535/49546287068_db0d0b61b8_m.jpg\\" width=\\"164\\" height=\\"240\\" alt=\\"GODAVARI BY KERSOM 101 To 108 Series Kurtis Wholesale 8 Pcs\\" /></a></p> <p> <a href=\\"http://bit.ly/3bOx9cj\\" rel=\\"noreferrer nofollow\\">bit.ly/3bOx9cj</a></p>",
        "link": "https://www.flickr.com/photos/186442569@N08/49546287068/",
        "media": Object {
          "m": "https://live.staticflickr.com/65535/49546287068_db0d0b61b8_m.jpg",
        },
        "published": "2020-02-17T08:08:53Z",
        "tags": "",
        "title": "GODAVARI BY KERSOM 101 To 108 Series Kurtis Wholesale 8 Pcs",
      },
      Object {
        "author": "nobody@flickr.com (\\"Sergio J. Dominguez Leal\\")",
        "author_id": "41423105@N02",
        "date_taken": "2020-02-16T18:49:41-08:00",
        "description": " <p><a href=\\"https://www.flickr.com/people/sergiodominguez/\\">Sergio J. Dominguez Leal</a> posted a photo:</p> <p><a href=\\"https://www.flickr.com/photos/sergiodominguez/49546287688/\\" title=\\"Foto con el móvil y retocado con snapseed tren frontal #Tren #snapseed #sevilla\\"><img src=\\"https://live.staticflickr.com/65535/49546287688_880725e19f_m.jpg\\" width=\\"114\\" height=\\"240\\" alt=\\"Foto con el móvil y retocado con snapseed tren frontal #Tren #snapseed #sevilla\\" /></a></p> ",
        "link": "https://www.flickr.com/photos/sergiodominguez/49546287688/",
        "media": Object {
          "m": "https://live.staticflickr.com/65535/49546287688_880725e19f_m.jpg",
        },
        "published": "2020-02-17T08:09:11Z",
        "tags": "tren snapseed sevilla",
        "title": "Foto con el móvil y retocado con snapseed tren frontal #Tren #snapseed #sevilla",
      },
    ]
  }
  handleFeedClick={[MockFunction]}
  handlePaginationClick={[MockFunction]}
  isLoading={false}
  title="Uploads from everyone"
  totalPages={10}
>
  <Header
    as="h2"
    className="resultHeader"
  >
    <h2
      className="ui header resultHeader"
    >
      ... Showing Uploads from everyone
    </h2>
  </Header>
  <Container
    className="feedContainer"
  >
    <div
      className="ui container feedContainer"
    >
      <List
        className="list"
        divided={true}
      >
        <div
          className="ui divided list list"
          role="list"
        >
          <ListItem
            key="0GODAVARI BY KERSOM 101 To 108 Series Kurtis Wholesale 8 Pcs2020-02-17T00:08:53-08:00"
          >
            <div
              className="item"
              onClick={[Function]}
              role="listitem"
            >
              <ResultItem
                author="nobody@flickr.com (\\"wholesalealisa\\")"
                date="17/02/2020"
                handleClick={[MockFunction]}
                id={0}
                isLoading={false}
                media="https://live.staticflickr.com/65535/49546287068_db0d0b61b8_m.jpg"
                tags=""
                title="GODAVARI BY KERSOM 101 To 108 Series Kurtis Wholesale 8 Pcs"
              >
                <Container
                  className="resultItemContainer"
                >
                  <div
                    className="ui container resultItemContainer"
                  >
                    <Item
                      className="listItem"
                      onClick={[Function]}
                    >
                      <div
                        className="item listItem"
                        onClick={[Function]}
                      >
                        <Image
                          as="img"
                          className="itemImage"
                          src="https://live.staticflickr.com/65535/49546287068_db0d0b61b8_m.jpg"
                          ui={true}
                        >
                          <img
                            className="ui image itemImage"
                            src="https://live.staticflickr.com/65535/49546287068_db0d0b61b8_m.jpg"
                          />
                        </Image>
                        <ItemContent
                          className="itemContent"
                        >
                          <div
                            className="content itemContent"
                          >
                            <ItemHeader
                              as="a"
                              className="itemHeader text"
                            >
                              <a
                                className="header itemHeader text"
                              >
                                GODAVARI BY KERSOM 101 To 108 Series Kurtis Wholesale 8 Pcs
                              </a>
                            </ItemHeader>
                            <ItemMeta
                              className="text"
                            >
                              <div
                                className="meta text"
                              >
                                <Icon
                                  as="i"
                                  name="location arrow"
                                >
                                  <i
                                    aria-hidden="true"
                                    className="location arrow icon"
                                    onClick={[Function]}
                                  />
                                </Icon>
                                17/02/2020
                              </div>
                            </ItemMeta>
                            <ItemExtra
                              className="text"
                            >
                              <div
                                className="extra text"
                              >
                                <Icon
                                  as="i"
                                  name="user"
                                >
                                  <i
                                    aria-hidden="true"
                                    className="user icon"
                                    onClick={[Function]}
                                  />
                                </Icon>
                                nobody@flickr.com ("wholesalealisa")
                              </div>
                            </ItemExtra>
                            <ItemExtra
                              className="itemTags text"
                            >
                              <div
                                className="extra itemTags text"
                              >
                                <Icon
                                  as="i"
                                  name="tags"
                                >
                                  <i
                                    aria-hidden="true"
                                    className="tags icon"
                                    onClick={[Function]}
                                  />
                                </Icon>
                              </div>
                            </ItemExtra>
                          </div>
                        </ItemContent>
                      </div>
                    </Item>
                  </div>
                </Container>
              </ResultItem>
            </div>
          </ListItem>
          <ListItem
            key="1Foto con el móvil y retocado con snapseed tren frontal #Tren #snapseed #sevilla2020-02-16T18:49:41-08:00"
          >
            <div
              className="item"
              onClick={[Function]}
              role="listitem"
            >
              <ResultItem
                author="nobody@flickr.com (\\"Sergio J. Dominguez Leal\\")"
                date="17/02/2020"
                handleClick={[MockFunction]}
                id={1}
                isLoading={false}
                media="https://live.staticflickr.com/65535/49546287688_880725e19f_m.jpg"
                tags="tren snapseed sevilla"
                title="Foto con el móvil y retocado con snapseed tren frontal #Tren #snapseed #sevilla"
              >
                <Container
                  className="resultItemContainer"
                >
                  <div
                    className="ui container resultItemContainer"
                  >
                    <Item
                      className="listItem"
                      onClick={[Function]}
                    >
                      <div
                        className="item listItem"
                        onClick={[Function]}
                      >
                        <Image
                          as="img"
                          className="itemImage"
                          src="https://live.staticflickr.com/65535/49546287688_880725e19f_m.jpg"
                          ui={true}
                        >
                          <img
                            className="ui image itemImage"
                            src="https://live.staticflickr.com/65535/49546287688_880725e19f_m.jpg"
                          />
                        </Image>
                        <ItemContent
                          className="itemContent"
                        >
                          <div
                            className="content itemContent"
                          >
                            <ItemHeader
                              as="a"
                              className="itemHeader text"
                            >
                              <a
                                className="header itemHeader text"
                              >
                                Foto con el móvil y retocado con snapseed tren frontal #Tren #snapseed #sevilla
                              </a>
                            </ItemHeader>
                            <ItemMeta
                              className="text"
                            >
                              <div
                                className="meta text"
                              >
                                <Icon
                                  as="i"
                                  name="location arrow"
                                >
                                  <i
                                    aria-hidden="true"
                                    className="location arrow icon"
                                    onClick={[Function]}
                                  />
                                </Icon>
                                17/02/2020
                              </div>
                            </ItemMeta>
                            <ItemExtra
                              className="text"
                            >
                              <div
                                className="extra text"
                              >
                                <Icon
                                  as="i"
                                  name="user"
                                >
                                  <i
                                    aria-hidden="true"
                                    className="user icon"
                                    onClick={[Function]}
                                  />
                                </Icon>
                                nobody@flickr.com ("Sergio J. Dominguez Leal")
                              </div>
                            </ItemExtra>
                            <ItemExtra
                              className="itemTags text"
                            >
                              <div
                                className="extra itemTags text"
                              >
                                <Icon
                                  as="i"
                                  name="tags"
                                >
                                  <i
                                    aria-hidden="true"
                                    className="tags icon"
                                    onClick={[Function]}
                                  />
                                </Icon>
                                tren snapseed sevilla
                              </div>
                            </ItemExtra>
                          </div>
                        </ItemContent>
                      </div>
                    </Item>
                  </div>
                </Container>
              </ResultItem>
            </div>
          </ListItem>
        </div>
      </List>
    </div>
  </Container>
  <Container
    className="paginationContainer"
  >
    <div
      className="ui container paginationContainer"
    >
      <Pagination
        activePage={1}
        aria-label="Pagination Navigation"
        boundaryRange={1}
        className="pagination"
        ellipsisItem={null}
        firstItem={
          Object {
            "aria-label": "First item",
            "content": "«",
          }
        }
        lastItem={
          Object {
            "aria-label": "Last item",
            "content": "»",
          }
        }
        nextItem={
          Object {
            "aria-label": "Next item",
            "content": "⟩",
          }
        }
        onPageChange={[MockFunction]}
        pageItem={Object {}}
        prevItem={
          Object {
            "aria-label": "Previous item",
            "content": "⟨",
          }
        }
        siblingRange={1}
        totalPages={10}
      >
        <Menu
          aria-label="Pagination Navigation"
          className="pagination"
          pagination={true}
          role="navigation"
        >
          <div
            aria-label="Pagination Navigation"
            className="ui pagination pagination menu"
            role="navigation"
          >
            <PaginationItem
              active={false}
              aria-label="First item"
              content="«"
              key="firstItem-1"
              onClick={[Function]}
              type="firstItem"
              value={1}
            >
              <MenuItem
                active={false}
                aria-current={false}
                aria-disabled={false}
                aria-label="First item"
                content="«"
                onClick={[Function]}
                onKeyDown={[Function]}
                tabIndex={0}
                type="firstItem"
                value={1}
              >
                <a
                  aria-current={false}
                  aria-disabled={false}
                  aria-label="First item"
                  className="item"
                  onClick={[Function]}
                  onKeyDown={[Function]}
                  tabIndex={0}
                  type="firstItem"
                  value={1}
                >
                  «
                </a>
              </MenuItem>
            </PaginationItem>
            <PaginationItem
              active={false}
              aria-label="Previous item"
              content="⟨"
              key="prevItem-1"
              onClick={[Function]}
              type="prevItem"
              value={1}
            >
              <MenuItem
                active={false}
                aria-current={false}
                aria-disabled={false}
                aria-label="Previous item"
                content="⟨"
                onClick={[Function]}
                onKeyDown={[Function]}
                tabIndex={0}
                type="prevItem"
                value={1}
              >
                <a
                  aria-current={false}
                  aria-disabled={false}
                  aria-label="Previous item"
                  className="item"
                  onClick={[Function]}
                  onKeyDown={[Function]}
                  tabIndex={0}
                  type="prevItem"
                  value={1}
                >
                  ⟨
                </a>
              </MenuItem>
            </PaginationItem>
            <PaginationItem
              active={true}
              content={1}
              key="pageItem-1"
              onClick={[Function]}
              type="pageItem"
              value={1}
            >
              <MenuItem
                active={true}
                aria-current={true}
                aria-disabled={false}
                content={1}
                onClick={[Function]}
                onKeyDown={[Function]}
                tabIndex={0}
                type="pageItem"
                value={1}
              >
                <a
                  aria-current={true}
                  aria-disabled={false}
                  className="active item"
                  onClick={[Function]}
                  onKeyDown={[Function]}
                  tabIndex={0}
                  type="pageItem"
                  value={1}
                >
                  1
                </a>
              </MenuItem>
            </PaginationItem>
            <PaginationItem
              active={false}
              content={2}
              key="pageItem-2"
              onClick={[Function]}
              type="pageItem"
              value={2}
            >
              <MenuItem
                active={false}
                aria-current={false}
                aria-disabled={false}
                content={2}
                onClick={[Function]}
                onKeyDown={[Function]}
                tabIndex={0}
                type="pageItem"
                value={2}
              >
                <a
                  aria-current={false}
                  aria-disabled={false}
                  className="item"
                  onClick={[Function]}
                  onKeyDown={[Function]}
                  tabIndex={0}
                  type="pageItem"
                  value={2}
                >
                  2
                </a>
              </MenuItem>
            </PaginationItem>
            <PaginationItem
              active={false}
              content={3}
              key="pageItem-3"
              onClick={[Function]}
              type="pageItem"
              value={3}
            >
              <MenuItem
                active={false}
                aria-current={false}
                aria-disabled={false}
                content={3}
                onClick={[Function]}
                onKeyDown={[Function]}
                tabIndex={0}
                type="pageItem"
                value={3}
              >
                <a
                  aria-current={false}
                  aria-disabled={false}
                  className="item"
                  onClick={[Function]}
                  onKeyDown={[Function]}
                  tabIndex={0}
                  type="pageItem"
                  value={3}
                >
                  3
                </a>
              </MenuItem>
            </PaginationItem>
            <PaginationItem
              active={false}
              content={4}
              key="pageItem-4"
              onClick={[Function]}
              type="pageItem"
              value={4}
            >
              <MenuItem
                active={false}
                aria-current={false}
                aria-disabled={false}
                content={4}
                onClick={[Function]}
                onKeyDown={[Function]}
                tabIndex={0}
                type="pageItem"
                value={4}
              >
                <a
                  aria-current={false}
                  aria-disabled={false}
                  className="item"
                  onClick={[Function]}
                  onKeyDown={[Function]}
                  tabIndex={0}
                  type="pageItem"
                  value={4}
                >
                  4
                </a>
              </MenuItem>
            </PaginationItem>
            <PaginationItem
              active={false}
              content={10}
              key="pageItem-10"
              onClick={[Function]}
              type="pageItem"
              value={10}
            >
              <MenuItem
                active={false}
                aria-current={false}
                aria-disabled={false}
                content={10}
                onClick={[Function]}
                onKeyDown={[Function]}
                tabIndex={0}
                type="pageItem"
                value={10}
              >
                <a
                  aria-current={false}
                  aria-disabled={false}
                  className="item"
                  onClick={[Function]}
                  onKeyDown={[Function]}
                  tabIndex={0}
                  type="pageItem"
                  value={10}
                >
                  10
                </a>
              </MenuItem>
            </PaginationItem>
            <PaginationItem
              active={false}
              aria-label="Next item"
              content="⟩"
              key="nextItem-2"
              onClick={[Function]}
              type="nextItem"
              value={2}
            >
              <MenuItem
                active={false}
                aria-current={false}
                aria-disabled={false}
                aria-label="Next item"
                content="⟩"
                onClick={[Function]}
                onKeyDown={[Function]}
                tabIndex={0}
                type="nextItem"
                value={2}
              >
                <a
                  aria-current={false}
                  aria-disabled={false}
                  aria-label="Next item"
                  className="item"
                  onClick={[Function]}
                  onKeyDown={[Function]}
                  tabIndex={0}
                  type="nextItem"
                  value={2}
                >
                  ⟩
                </a>
              </MenuItem>
            </PaginationItem>
            <PaginationItem
              active={false}
              aria-label="Last item"
              content="»"
              key="lastItem-10"
              onClick={[Function]}
              type="lastItem"
              value={10}
            >
              <MenuItem
                active={false}
                aria-current={false}
                aria-disabled={false}
                aria-label="Last item"
                content="»"
                onClick={[Function]}
                onKeyDown={[Function]}
                tabIndex={0}
                type="lastItem"
                value={10}
              >
                <a
                  aria-current={false}
                  aria-disabled={false}
                  aria-label="Last item"
                  className="item"
                  onClick={[Function]}
                  onKeyDown={[Function]}
                  tabIndex={0}
                  type="lastItem"
                  value={10}
                >
                  »
                </a>
              </MenuItem>
            </PaginationItem>
          </div>
        </Menu>
      </Pagination>
    </div>
  </Container>
</ResultList>
`;
